// Jest Snapshot v1, https://goo.gl/fbAQLP

exports[`renders correctly 1`] = `
<View
  accessibilityIgnoresInvertColors={true}
  style={
    Object {
      "flexBasis": "0%",
      "flexGrow": 1,
      "flexShrink": 1,
    }
  }
>
  <Image
    resizeMode="cover"
    source={
      Object {
        "testUri": "../../../components/SignIn/BG.png",
      }
    }
    style={
      Array [
        Object {
          "bottom": 0,
          "left": 0,
          "position": "absolute",
          "right": 0,
          "top": 0,
        },
        Object {
          "height": undefined,
          "width": undefined,
        },
        undefined,
      ]
    }
  />
  <Image
    source={
      Object {
        "testUri": "../../../components/SignIn/TopBanner.png",
      }
    }
    style={
      Object {
        "width": "100%",
      }
    }
  />
  <View
    style={
      Object {
        "alignItems": "center",
        "display": "flex",
        "flexDirection": "column",
        "justifyContent": "center",
      }
    }
  >
    <Image
      source={
        Object {
          "testUri": "../../../components/SignIn/Logo.png",
        }
      }
      style={
        Object {
          "height": 105,
          "marginTop": 70,
          "width": 80,
        }
      }
    />
    <Text
      style={
        Object {
          "color": "white",
          "fontWeight": "bold",
          "marginTop": 12,
        }
      }
    >
      Entering Studio City
    </Text>
    <View
      accessibilityLabel="Sign Up Button"
      accessible={true}
      collapsable={false}
      focusable={true}
      onBlur={[Function]}
      onClick={[Function]}
      onFocus={[Function]}
      onResponderGrant={[Function]}
      onResponderMove={[Function]}
      onResponderRelease={[Function]}
      onResponderTerminate={[Function]}
      onResponderTerminationRequest={[Function]}
      onStartShouldSetResponder={[Function]}
      style={
        Object {
          "backgroundColor": "white",
          "borderRadius": 100,
          "marginTop": 200,
          "padding": 13,
          "width": "80%",
        }
      }
    >
      <Text
        style={
          Object {
            "alignSelf": "center",
            "color": "#B99A5B",
            "fontSize": 16,
            "fontWeight": "bold",
          }
        }
      >
        Sign up
      </Text>
    </View>
    <View
      accessibilityLabel="Log In Button"
      accessible={true}
      collapsable={false}
      focusable={true}
      onBlur={[Function]}
      onClick={[Function]}
      onFocus={[Function]}
      onResponderGrant={[Function]}
      onResponderMove={[Function]}
      onResponderRelease={[Function]}
      onResponderTerminate={[Function]}
      onResponderTerminationRequest={[Function]}
      onStartShouldSetResponder={[Function]}
      style={
        Object {
          "backgroundColor": "#B99A5B",
          "borderRadius": 100,
          "marginTop": 20,
          "padding": 13,
          "width": "80%",
        }
      }
    >
      <Text
        style={
          Object {
            "alignSelf": "center",
            "color": "#FFFFFF",
            "fontSize": 16,
            "fontWeight": "bold",
          }
        }
      >
        Log in
      </Text>
    </View>
  </View>
</View>
`;
